<?xml version="1.0" encoding="UTF-8"?>
<testsuites name="jest tests" tests="2" failures="0" errors="0" time="4.726">
  <testsuite name="User Update - /users/updateMe" errors="0" failures="0" skipped="0" timestamp="2025-05-05T22:52:47" time="4.219" tests="2">
    <testcase classname="User Update - /users/updateMe should update the user name and email" name="User Update - /users/updateMe should update the user name and email" time="0.087">
    </testcase>
    <testcase classname="User Update - /users/updateMe shoud update the user photo" name="User Update - /users/updateMe shoud update the user photo" time="0.143">
    </testcase>
  </testsuite>
</testsuites>